0 verbose cli /usr/local/bin/node /usr/local/bin/npm
1 info using npm@10.8.2
2 info using node@v20.19.6
3 silly config load:file:/usr/local/lib/node_modules/npm/npmrc
4 silly config load:file:/data/.npmrc
5 silly config load:file:/usr/src/node-red/.npmrc
6 silly config load:file:/usr/local/etc/npmrc
7 verbose title npm install node-red-contrib-credentials@0.2.3
8 verbose argv "install" "--no-audit" "--no-update-notifier" "--no-fund" "--save" "--save-prefix" "~" "--omit" "dev" "--engine-strict" "node-red-contrib-credentials@0.2.3"
9 verbose logfile logs-max:10 dir:/data/.npm/_logs/2026-01-20T12_17_42_648Z-
10 verbose logfile /data/.npm/_logs/2026-01-20T12_17_42_648Z-debug-0.log
11 silly packumentCache heap:2197815296 maxSize:549453824 maxEntrySize:274726912
12 silly logfile done cleaning log files
13 silly idealTree buildDeps
14 silly fetch manifest node-red-contrib-credentials@0.2.3
15 silly packumentCache full:https://registry.npmjs.org/node-red-contrib-credentials cache-miss
16 http fetch GET 200 https://registry.npmjs.org/node-red-contrib-credentials 872ms (cache miss)
17 silly packumentCache full:https://registry.npmjs.org/node-red-contrib-credentials set size:undefined disposed:false
18 silly placeDep ROOT node-red-contrib-credentials@0.2.3 OK for: node-red-project@0.0.1 want: 0.2.3
19 silly reify moves {}
20 silly tarball no local data for node-red-contrib-credentials@https://registry.npmjs.org/node-red-contrib-credentials/-/node-red-contrib-credentials-0.2.3.tgz. Extracting by manifest.
21 http fetch GET 200 https://registry.npmjs.org/node-red-contrib-credentials/-/node-red-contrib-credentials-0.2.3.tgz 1900ms (cache miss)
22 silly ADD node_modules/node-red-contrib-credentials
23 silly ADD node_modules/@patricktobias86/node-red-telegram-account
24 verbose cwd /data
25 verbose os Linux 6.6.114.1-microsoft-standard-WSL2
26 verbose node v20.19.6
27 verbose npm  v10.8.2
28 verbose exit 0
29 info ok
