0 verbose cli /usr/local/bin/node /usr/local/bin/npm
1 info using npm@10.8.2
2 info using node@v20.19.6
3 silly config load:file:/usr/local/lib/node_modules/npm/npmrc
4 silly config load:file:/data/.npmrc
5 silly config load:file:/usr/src/node-red/.npmrc
6 silly config load:file:/usr/local/etc/npmrc
7 verbose title npm install @patricktobias86/node-red-telegram-account@1.1.22
8 verbose argv "install" "--no-audit" "--no-update-notifier" "--no-fund" "--save" "--save-prefix" "~" "--omit" "dev" "--engine-strict" "@patricktobias86/node-red-telegram-account@1.1.22"
9 verbose logfile logs-max:10 dir:/data/.npm/_logs/2026-01-12T20_27_57_411Z-
10 verbose logfile /data/.npm/_logs/2026-01-12T20_27_57_411Z-debug-0.log
11 silly packumentCache heap:741081088 maxSize:185270272 maxEntrySize:92635136
12 silly logfile done cleaning log files
13 silly idealTree buildDeps
14 silly fetch manifest @patricktobias86/node-red-telegram-account@1.1.22
15 silly packumentCache full:https://registry.npmjs.org/@patricktobias86%2fnode-red-telegram-account cache-miss
16 http fetch GET 200 https://registry.npmjs.org/@patricktobias86%2fnode-red-telegram-account 1313ms (cache miss)
17 silly packumentCache full:https://registry.npmjs.org/@patricktobias86%2fnode-red-telegram-account set size:undefined disposed:false
18 silly placeDep ROOT @patricktobias86/node-red-telegram-account@1.1.22 OK for: node-red-project@0.0.1 want: 1.1.22
19 silly reify moves {}
20 silly tarball no local data for @patricktobias86/node-red-telegram-account@https://registry.npmjs.org/@patricktobias86/node-red-telegram-account/-/node-red-telegram-account-1.1.22.tgz. Extracting by manifest.
21 http fetch GET 200 https://registry.npmjs.org/@patricktobias86/node-red-telegram-account/-/node-red-telegram-account-1.1.22.tgz 1168ms (cache miss)
22 silly ADD node_modules/@patricktobias86/node-red-telegram-account
23 verbose cwd /data
24 verbose os Linux 6.6.87.2-microsoft-standard-WSL2
25 verbose node v20.19.6
26 verbose npm  v10.8.2
27 verbose exit 0
28 info ok
